Release 14.7 - xst P.20131013 (nt64)
Copyright (c) 1995-2013 Xilinx, Inc.  All rights reserved.
--> Parameter TMPDIR set to xst/projnav.tmp


Total REAL time to Xst completion: 0.00 secs
Total CPU time to Xst completion: 0.19 secs
 
--> Parameter xsthdpdir set to xst


Total REAL time to Xst completion: 0.00 secs
Total CPU time to Xst completion: 0.19 secs
 
--> Reading design: thirtytwobit_adder.prj

TABLE OF CONTENTS
  1) Synthesis Options Summary
  2) HDL Parsing
  3) HDL Elaboration
  4) HDL Synthesis
       4.1) HDL Synthesis Report
  5) Advanced HDL Synthesis
       5.1) Advanced HDL Synthesis Report
  6) Low Level Synthesis
  7) Partition Report
  8) Design Summary
       8.1) Primitive and Black Box Usage
       8.2) Device utilization summary
       8.3) Partition Resource Summary
       8.4) Timing Report
            8.4.1) Clock Information
            8.4.2) Asynchronous Control Signals Information
            8.4.3) Timing Summary
            8.4.4) Timing Details
            8.4.5) Cross Clock Domains Report


=========================================================================
*                      Synthesis Options Summary                        *
=========================================================================
---- Source Parameters
Input File Name                    : "thirtytwobit_adder.prj"
Ignore Synthesis Constraint File   : NO

---- Target Parameters
Output File Name                   : "thirtytwobit_adder"
Output Format                      : NGC
Target Device                      : xc7a100t-3-csg324

---- Source Options
Top Module Name                    : thirtytwobit_adder
Automatic FSM Extraction           : YES
FSM Encoding Algorithm             : Auto
Safe Implementation                : No
FSM Style                          : LUT
RAM Extraction                     : Yes
RAM Style                          : Auto
ROM Extraction                     : Yes
Shift Register Extraction          : YES
ROM Style                          : Auto
Resource Sharing                   : YES
Asynchronous To Synchronous        : NO
Shift Register Minimum Size        : 2
Use DSP Block                      : Auto
Automatic Register Balancing       : No

---- Target Options
LUT Combining                      : Auto
Reduce Control Sets                : Auto
Add IO Buffers                     : YES
Global Maximum Fanout              : 100000
Add Generic Clock Buffer(BUFG)     : 32
Register Duplication               : YES
Optimize Instantiated Primitives   : NO
Use Clock Enable                   : Auto
Use Synchronous Set                : Auto
Use Synchronous Reset              : Auto
Pack IO Registers into IOBs        : Auto
Equivalent register Removal        : YES

---- General Options
Optimization Goal                  : Speed
Optimization Effort                : 1
Power Reduction                    : NO
Keep Hierarchy                     : No
Netlist Hierarchy                  : As_Optimized
RTL Output                         : Yes
Global Optimization                : AllClockNets
Read Cores                         : YES
Write Timing Constraints           : NO
Cross Clock Analysis               : NO
Hierarchy Separator                : /
Bus Delimiter                      : <>
Case Specifier                     : Maintain
Slice Utilization Ratio            : 100
BRAM Utilization Ratio             : 100
DSP48 Utilization Ratio            : 100
Auto BRAM Packing                  : NO
Slice Utilization Ratio Delta      : 5

=========================================================================


=========================================================================
*                          HDL Parsing                                  *
=========================================================================
Analyzing Verilog file "C:\Verilog Projects\MIPS_Processor\onebit_adder.v" into library work
Parsing module <onebit_adder>.
Analyzing Verilog file "C:\Verilog Projects\MIPS_Processor\twobit_adder.v" into library work
Parsing module <twobit_adder>.
Analyzing Verilog file "C:\Verilog Projects\MIPS_Processor\fourbit_adder.v" into library work
Parsing module <fourbit_adder>.
Analyzing Verilog file "C:\Verilog Projects\MIPS_Processor\eightbit_adder.v" into library work
Parsing module <eightbit_adder>.
Analyzing Verilog file "C:\Verilog Projects\MIPS_Processor\sixteenbit_adder.v" into library work
Parsing module <sixteenbit_adder>.
Analyzing Verilog file "C:\Verilog Projects\MIPS_Processor\thirtytwobit_adder.v" into library work
Parsing module <thirtytwobit_adder>.

=========================================================================
*                            HDL Elaboration                            *
=========================================================================

Elaborating module <thirtytwobit_adder>.

Elaborating module <sixteenbit_adder>.

Elaborating module <eightbit_adder>.

Elaborating module <fourbit_adder>.

Elaborating module <twobit_adder>.

Elaborating module <onebit_adder>.

=========================================================================
*                           HDL Synthesis                               *
=========================================================================

Synthesizing Unit <thirtytwobit_adder>.
    Related source file is "C:\Verilog Projects\MIPS_Processor\thirtytwobit_adder.v".
    Summary:
	no macro.
Unit <thirtytwobit_adder> synthesized.

Synthesizing Unit <sixteenbit_adder>.
    Related source file is "C:\Verilog Projects\MIPS_Processor\sixteenbit_adder.v".
    Summary:
	no macro.
Unit <sixteenbit_adder> synthesized.

Synthesizing Unit <eightbit_adder>.
    Related source file is "C:\Verilog Projects\MIPS_Processor\eightbit_adder.v".
    Summary:
	no macro.
Unit <eightbit_adder> synthesized.

Synthesizing Unit <fourbit_adder>.
    Related source file is "C:\Verilog Projects\MIPS_Processor\fourbit_adder.v".
    Summary:
	no macro.
Unit <fourbit_adder> synthesized.

Synthesizing Unit <twobit_adder>.
    Related source file is "C:\Verilog Projects\MIPS_Processor\twobit_adder.v".
    Summary:
	no macro.
Unit <twobit_adder> synthesized.

Synthesizing Unit <onebit_adder>.
    Related source file is "C:\Verilog Projects\MIPS_Processor\onebit_adder.v".
    Summary:
Unit <onebit_adder> synthesized.

=========================================================================
HDL Synthesis Report

Macro Statistics
# Xors                                                 : 64
 1-bit xor2                                            : 64

=========================================================================

=========================================================================
*                       Advanced HDL Synthesis                          *
=========================================================================


=========================================================================
Advanced HDL Synthesis Report

Macro Statistics
# Xors                                                 : 64
 1-bit xor2                                            : 64

=========================================================================

=========================================================================
*                         Low Level Synthesis                           *
=========================================================================

Optimizing unit <thirtytwobit_adder> ...

Mapping all equations...
Building and optimizing final netlist ...
Found area constraint ratio of 100 (+ 5) on block thirtytwobit_adder, actual ratio is 0.

Final Macro Processing ...

=========================================================================
Final Register Report

Found no macro
=========================================================================

=========================================================================
*                           Partition Report                            *
=========================================================================

Partition Implementation Status
-------------------------------

  No Partitions were found in this design.

-------------------------------

=========================================================================
*                            Design Summary                             *
=========================================================================

Top Level Output File Name         : thirtytwobit_adder.ngc

Primitive and Black Box Usage:
------------------------------
# BELS                             : 49
#      LUT3                        : 18
#      LUT5                        : 31
# IO Buffers                       : 98
#      IBUF                        : 65
#      OBUF                        : 33

Device utilization summary:
---------------------------

Selected Device : 7a100tcsg324-3 


Slice Logic Utilization: 
 Number of Slice LUTs:                   49  out of  63400     0%  
    Number used as Logic:                49  out of  63400     0%  

Slice Logic Distribution: 
 Number of LUT Flip Flop pairs used:     49
   Number with an unused Flip Flop:      49  out of     49   100%  
   Number with an unused LUT:             0  out of     49     0%  
   Number of fully used LUT-FF pairs:     0  out of     49     0%  
   Number of unique control sets:         0

IO Utilization: 
 Number of IOs:                          98
 Number of bonded IOBs:                  98  out of    210    46%  

Specific Feature Utilization:

---------------------------
Partition Resource Summary:
---------------------------

  No Partitions were found in this design.

---------------------------


=========================================================================
Timing Report

NOTE: THESE TIMING NUMBERS ARE ONLY A SYNTHESIS ESTIMATE.
      FOR ACCURATE TIMING INFORMATION PLEASE REFER TO THE TRACE REPORT
      GENERATED AFTER PLACE-and-ROUTE.

Clock Information:
------------------
No clock signals found in this design

Asynchronous Control Signals Information:
----------------------------------------
No asynchronous control signals found in this design

Timing Summary:
---------------
Speed Grade: -3

   Minimum period: No path found
   Minimum input arrival time before clock: No path found
   Maximum output required time after clock: No path found
   Maximum combinational path delay: 8.831ns

Timing Details:
---------------
All values displayed in nanoseconds (ns)

=========================================================================
Timing constraint: Default path analysis
  Total number of paths / destination ports: 1153 / 33
-------------------------------------------------------------------------
Delay:               8.831ns (Levels of Logic = 19)
  Source:            in_1<1> (PAD)
  Destination:       c_out (PAD)

  Data Path: in_1<1> to c_out
                                Gate     Net
    Cell:in->out      fanout   Delay   Delay  Logical Name (Net Name)
    ----------------------------------------  ------------
     IBUF:I->O             2   0.001   0.688  in_1_1_IBUF (in_1_1_IBUF)
     LUT5:I0->O            3   0.097   0.389  inst_1/inst_1/inst_1/inst_1/inst_2/c_out1 (inst_1/inst_1/inst_1/carry_wire)
     LUT5:I3->O            3   0.097   0.389  inst_1/inst_1/inst_1/inst_2/inst_2/c_out1 (inst_1/inst_1/carry_wire)
     LUT5:I3->O            3   0.097   0.389  inst_1/inst_1/inst_2/inst_1/inst_2/c_out1 (inst_1/inst_1/inst_2/carry_wire)
     LUT5:I3->O            3   0.097   0.389  inst_1/inst_1/inst_2/inst_2/inst_2/c_out1 (inst_1/carry_wire)
     LUT5:I3->O            3   0.097   0.389  inst_1/inst_2/inst_1/inst_1/inst_2/c_out1 (inst_1/inst_2/inst_1/carry_wire)
     LUT5:I3->O            3   0.097   0.389  inst_1/inst_2/inst_1/inst_2/inst_2/c_out1 (inst_1/inst_2/carry_wire)
     LUT5:I3->O            3   0.097   0.389  inst_1/inst_2/inst_2/inst_1/inst_2/c_out1 (inst_1/inst_2/inst_2/carry_wire)
     LUT3:I1->O            2   0.097   0.384  inst_1/inst_2/inst_2/inst_2/inst_1/c_out1 (inst_1/inst_2/inst_2/inst_2/carry_wire)
     LUT5:I3->O            3   0.097   0.389  inst_2/inst_1/inst_1/inst_1/inst_1/c_out1 (inst_2/inst_1/inst_1/inst_1/carry_wire)
     LUT5:I3->O            3   0.097   0.389  inst_2/inst_1/inst_1/inst_2/inst_1/c_out1 (inst_2/inst_1/inst_1/inst_2/carry_wire)
     LUT5:I3->O            3   0.097   0.389  inst_2/inst_1/inst_2/inst_1/inst_1/c_out1 (inst_2/inst_1/inst_2/inst_1/carry_wire)
     LUT5:I3->O            3   0.097   0.389  inst_2/inst_1/inst_2/inst_2/inst_1/c_out1 (inst_2/inst_1/inst_2/inst_2/carry_wire)
     LUT5:I3->O            3   0.097   0.389  inst_2/inst_2/inst_1/inst_1/inst_1/c_out1 (inst_2/inst_2/inst_1/inst_1/carry_wire)
     LUT5:I3->O            3   0.097   0.389  inst_2/inst_2/inst_1/inst_2/inst_1/c_out1 (inst_2/inst_2/inst_1/inst_2/carry_wire)
     LUT5:I3->O            3   0.097   0.389  inst_2/inst_2/inst_2/inst_1/inst_1/c_out1 (inst_2/inst_2/inst_2/inst_1/carry_wire)
     LUT5:I3->O            2   0.097   0.383  inst_2/inst_2/inst_2/inst_2/inst_1/c_out1 (inst_2/inst_2/inst_2/inst_2/carry_wire)
     LUT3:I1->O            1   0.097   0.279  inst_2/inst_2/inst_2/inst_2/inst_2/c_out1 (c_out_OBUF)
     OBUF:I->O                 0.000          c_out_OBUF (c_out)
    ----------------------------------------
    Total                      8.831ns (1.650ns logic, 7.181ns route)
                                       (18.7% logic, 81.3% route)

=========================================================================

Cross Clock Domains Report:
--------------------------

=========================================================================


Total REAL time to Xst completion: 42.00 secs
Total CPU time to Xst completion: 42.41 secs
 
--> 

Total memory usage is 456864 kilobytes

Number of errors   :    0 (   0 filtered)
Number of warnings :    0 (   0 filtered)
Number of infos    :    0 (   0 filtered)

